Running tests ...
[1A[KRunning 14 tests in 1 runtime ...
[1A[K[1m[32mRunning 14 tests in 1 runtime ... 93% done[0m
[1A[K[1m[32mRunning 14 tests in 1 runtime ... 93% done[0m
[1A[K[1m[32mRunning 14 tests in 1 runtime ... 93% done[0m
[1A[K[1m[32mRunning 14 tests in 1 runtime ... 93% done[0m
[1A[K[1m[32mRunning 14 tests in 1 runtime ... 93% done[0m
[1A[K[1m[32mRunning 14 tests in 1 runtime ... 93% done[0m
[1A[K[1m[32mRunning 14 tests in 1 runtime ... 93% done[0m
[1A[K[1m[32mRunning 14 tests in 1 runtime ... 93% done[0m
[1A[K[1m[32mRunning 14 tests in 1 runtime ... 93% done[0m
[1A[K[1m[32mRunning 14 tests in 1 runtime ... 93% done[0m
[1A[K[1m[32mRunning 14 tests in 1 runtime ... 93% done[0m
[1A[K[1m[32mRunning 14 tests in 1 runtime ... 93% done[0m
[1A[K[1m[32mRunning 14 tests in 1 runtime ... 93% done[0m
[1A[K[1m[32mRunning 14 tests in 1 runtime ... 93% done[0m
[1A[K[1m[32mRunning 14 tests in 1 runtime ... 93% done[0m
[1A[K[1m[32mRunning 14 tests in 1 runtime ... 93% done[0m
[1A[K[1m[32mRunning 14 tests in 1 runtime ... 93% done[0m
[1A[K[1m[32mRunning 14 tests in 1 runtime ... 93% done[0m
[1A[K[1m[32mRunning 14 tests in 1 runtime ... 93% done[0m
[1A[K[1m[32mRunning 14 tests in 1 runtime ... 93% done[0m
[1A[K[1m[32mRunning 14 tests in 1 runtime ... 93% done[0m
[1A[K[1m[32mRunning 14 tests in 1 runtime ... 93% done[0m
[1A[K[1m[32mRunning 14 tests in 1 runtime ... 93% done[0m
[1A[K[1m[32mRunning 14 tests in 1 runtime ... 93% done[0m
[1A[K[1m[32mRunning 14 tests in 1 runtime ... 93% done[0m
[1A[K[1m[32mRunning 14 tests in 1 runtime ... 93% done[0m
[1A[K[1m[32mRunning 14 tests in 1 runtime ... 93% done[0m
[1A[K[1m[32mRunning 14 tests in 1 runtime ... 93% done[0m
[1A[K[1m[32mRunning 14 tests in 1 runtime ... 93% done[0m
[1A[K[1m[32mRunning 14 tests in 1 runtime ... 93% done[0m
[1A[K[1m[32mRunning 14 tests in 1 runtime ... 93% done[0m
[1A[K[1m[32mRunning 14 tests in 1 runtime ... 93% done[0m
[1A[K[1m[32mRunning 14 tests in 1 runtime ... 93% done[0m
[1A[K[1m[32mRunning 14 tests in 1 runtime ... 93% done[0m
[1A[K[1m[32mRunning 14 tests in 1 runtime ... 93% done[0m
[1A[K[1m[32mRunning 14 tests in 1 runtime ... 93% done[0m
[1A[K[1m[32mRunning 14 tests in 1 runtime ... 93% done[0m
[1A[K[1m[32mRunning 14 tests in 1 runtime ... 93% done[0m
[1A[K[1m[32mRunning 14 tests in 1 runtime ... 93% done[0m
[1A[K[1m[32mRunning 14 tests in 1 runtime ... 93% done[0m
[1A[K[1m[32mRunning 14 tests in 1 runtime ... 93% done[0m
[1A[K[1m[32mRunning 14 tests in 1 runtime ... 93% done[0m
[1A[K[1m[32mRunning 14 tests in 1 runtime ... 93% done[0m
[1A[K[1m[32mRunning 14 tests in 1 runtime ... 93% done[0m
[1A[K[1m[32mRunning 14 tests in 1 runtime ... 93% done[0m
[1A[K[1m[32mRunning 14 tests in 1 runtime ... 93% done[0m
[1A[K[1m[32mRunning 14 tests in 1 runtime ... 93% done[0m
[1A[K[1m[32mRunning 14 tests in 1 runtime ... 93% done[0m
[1A[K[1m[32mRunning 14 tests in 1 runtime ... 93% done[0m
[1A[K[1m[32mRunning 14 tests in 1 runtime ... 93% done[0m
[1A[K[1m[32mRunning 14 tests in 1 runtime ... 93% done[0m
[1A[K[1m[32mRunning 14 tests in 1 runtime ... 93% done[0m
[1A[K[1m[32mRunning 14 tests in 1 runtime ... 93% done[0m
[1A[K[1m[32mRunning 14 tests in 1 runtime ... 93% done[0m
[1A[K[1m[32mRunning 14 tests in 1 runtime ... 93% done[0m
[1A[K[1m[32mRunning 14 tests in 1 runtime ... 93% done[0m
[1A[K[1m[32mRunning 14 tests in 1 runtime ... 93% done[0m
[1A[K[1m[32mRunning 14 tests in 1 runtime ... 93% done[0m
[1A[K[1m[32mRunning 14 tests in 1 runtime ... 93% done[0m
[1A[K[1m[32mRunning 14 tests in 1 runtime ... 93% done[0m
[1A[K[1m[32mRunning 14 tests in 1 runtime ... 93% done[0m
[1A[K[1m[32mRunning 14 tests in 1 runtime ... 93% done[0m
[1A[K[1m[32mRunning 14 tests in 1 runtime ... 93% done[0m
[1A[K[1m[32mRunning 14 tests in 1 runtime ... 93% done[0m
[1A[K[1m[32mRunning 14 tests in 1 runtime ... 93% done[0m
[1A[K[1m[32mRunning 14 tests in 1 runtime ... 93% done[0m
[1A[K[1m[32mRunning 14 tests in 1 runtime ... 93% done[0m
[1A[K[1m[32mRunning 14 tests in 1 runtime ... 93% done[0m
[1A[K[1m[32mRunning 14 tests in 1 runtime ... 93% done[0m
[1A[K[1m[32mRunning 14 tests in 1 runtime ... 93% done[0m
[1A[K[1m[32mRunning 14 tests in 1 runtime ... 93% done[0m
[1A[K[1m[32mRunning 14 tests in 1 runtime ... 93% done[0m
[1A[K[1m[32mRunning 14 tests in 1 runtime ... 93% done[0m
[1A[K[1m[32mRunning 14 tests in 1 runtime ... 93% done[0m
[1A[K[1m[32mRunning 14 tests in 1 runtime ... 93% done[0m
[1A[K[1m[32mRunning 14 tests in 1 runtime ... 93% done[0m
[1A[K[1m[32mRunning 14 tests in 1 runtime ... 93% done[0m
[1A[K[1m[32mRunning 14 tests in 1 runtime ... 93% done[0m
[1A[K[1m[32mRunning 14 tests in 1 runtime ... 93% done[0m
[1A[K[1m[32mRunning 14 tests in 1 runtime ... 93% done[0m
[1A[K[1m[32mRunning 14 tests in 1 runtime ... 93% done[0m
[1A[K[1m[32mRunning 14 tests in 1 runtime ... 93% done[0m
[1A[K[1m[32mRunning 14 tests in 1 runtime ... 93% done[0m
[1A[K[1m[32mRunning 14 tests in 1 runtime ... 93% done[0m
[1A[K[1m[32mRunning 14 tests in 1 runtime ... 93% done[0m
[1A[K[1m[32mRunning 14 tests in 1 runtime ... 93% done[0m
[1A[K[1m[32mRunning 14 tests in 1 runtime ... 93% done[0m
[1A[K[1m[32mRunning 14 tests in 1 runtime ... 93% done[0m
[1A[K[1m[32m14 tests, 53 assertions, 1 runtime ... OK[0m
